+------------+-----------------------+
| Name       |                     1 |
| Platform   | http://127.0.0.1:1024 |
| Credential | api-key-test          |
+------------+-----------------------+
