Error: invalid input for flag `--geo`

Suggestions:
    Geo must be either "us", "eu", or "apac".
