Upgraded the Schema Registry cluster for environment "env-srUpdate" to the "advanced" package.