Error: sse-endpoint flag is not allowed for STREAMABLE_HTTP transport-type.
