Are you sure you want to delete identity providers "op-12345" and "op-67890"? (y/n): 