  Kafka Cluster | Principal | Permission |   Operation    | Host | Resource Type | Resource Name | Pattern Type  
----------------+-----------+------------+----------------+------+---------------+---------------+---------------
  testcluster   | User:42   | ALLOW      | CLUSTER_ACTION | *    | CLUSTER       | kafka-cluster | LITERAL       
