Error: plugins are disabled

Suggestions:
    Set "disable_plugins": false in ~/.confluent/config.json.
