Are you sure you want to deregister USM Connect clusters "usmcc-abc123" and "usmcc-def456"? (y/n): Deregistered USM Connect clusters "usmcc-abc123" and "usmcc-def456".
