     ID    | Provider Name | Provider Organization Name | Status |       Invite Expires At        
-----------+---------------+----------------------------+--------+--------------------------------
  ss-12345 | provider      | provider org               | active | 2022-07-22 22:08:41 +0000 UTC  
