Get exceptions for a Flink SQL statement.

Usage:
  confluent flink statement exceptions list <statement name> [flags]

Flags:
      --compute-pool string   Flink compute pool ID.
      --environment string    Environment ID.
      --context string        CLI context name.

Global Flags:
  -h, --help            Show help for this command.
      --unsafe-trace    Equivalent to -vvvv, but also log HTTP requests and responses which may contain plaintext secrets.
  -v, --verbose count   Increase verbosity (-v for warn, -vv for info, -vvv for debug, -vvvv for trace).
