- mirror_topic_name: topic 2
  partition: -1
  error_message: Not authorized
  error_code: "401"
  messages_truncated: 0
  offset_truncated_to: ""
- mirror_topic_name: topic-1
  partition: 0
  error_message: ""
  error_code: ""
  messages_truncated: 25
  offset_truncated_to: "10"
- mirror_topic_name: topic-1
  partition: 1
  error_message: ""
  error_code: ""
  messages_truncated: 0
  offset_truncated_to: ""
- mirror_topic_name: topic-1
  partition: 2
  error_message: ""
  error_code: ""
  messages_truncated: 25
  offset_truncated_to: "15"
