The `ccloud` CLI is scheduled for deprecation. All `ccloud` features have been moved to the `confluent` CLI.
For more details: https://docs.confluent.io/ccloud-cli/current/index.html

- endpoint: SASL_SSL://ksql-endpoint
  id: lksqlc-ksql5
  kafka: lkc-qwert
  name: account ksql
  status: PROVISIONING
  storage: "101"
  topic_prefix: pksqlc-abcde
- endpoint: SASL_SSL://ksql-endpoint
  id: lksqlc-woooo
  kafka: lkc-zxcvb
  name: kay cee queue elle
  status: PROVISIONING
  storage: "123"
  topic_prefix: pksqlc-ghjkl
