Requested to rescale Flink SQL statement "test-stmt1" with new parallelism = 4.
