Requested to resume Flink SQL statement "test-stmt1".
