Describe a provider integration, specified by the given provider integration ID.

Usage:
  confluent provider-integration describe <id> [flags]

Examples:
Describe provider integration "cspi-12345" in the current environment.

  $ confluent provider-integration describe cspi-12345

Describe provider integration "cspi-12345" in environment "env-abcdef".

  $ confluent provider-integration describe cspi-12345 --environment env-abcdef

Flags:
      --environment string   Environment ID.
      --context string       CLI context name.
  -o, --output string        Specify the output format as "human", "json", or "yaml". (default "human")

Global Flags:
  -h, --help            Show help for this command.
      --unsafe-trace    Equivalent to -vvvv, but also log HTTP requests and responses which might contain plaintext secrets.
  -v, --verbose count   Increase verbosity (-v for warn, -vv for info, -vvv for debug, -vvvv for trace).
