Are you sure you want to delete self-managed keys "cck-002" and "cck-003"? (y/n): 