Manager a cluster links tasks.

Usage:
  confluent kafka link tasks [command]

Available Commands:
  describe    Describe a cluster links tasks.

Global Flags:
  -h, --help            Show help for this command.
      --unsafe-trace    Equivalent to -vvvv, but also log HTTP requests and responses which might contain plaintext secrets.
  -v, --verbose count   Increase verbosity (-v for warn, -vv for info, -vvv for debug, -vvvv for trace).

Use "confluent kafka link tasks [command] --help" for more information about a command.
