Created topic "topic03".
Registered schema "1" under subject "topic03-value".
Subject level compatibility updated to "BACKWARD" for subject "topic03-value".
