+--------------+-----------+
| Cluster      | cluster-1 |
| Topic Name   | topic1    |
| Partition ID |         0 |
| Leader ID    |         2 |
+--------------+-----------+
