+---------------------+------------------------------+
| Compatibility Level | FULL                         |
| Metadata Defaults   | {                            |
|                     |   "properties": {            |
|                     |     "email": "bob@acme.com", |
|                     |     "owner": "Bob Jones"     |
|                     |   }                          |
|                     | }                            |
+---------------------+------------------------------+
