Error: failed to update application "update-failure-application" in the environment "update-failure": 

