    Key    | Description | Owner Resource Id |   Owner Email    |  Resource Type  | Resource ID  |       Created         
-----------+-------------+-------------------+------------------+-----------------+--------------+-----------------------
    MYKEY3 |             | u-44ddd           | mhe@confluent.io | kafka           | lkc-bob      | 1999-02-24T00:00:00Z  
    MYKEY4 | my-cool-app | u-44ddd           | mhe@confluent.io | kafka           | lkc-cool1    | 1999-02-24T00:00:00Z  
    MYKEY6 | my-ksql-app | u-44ddd           | mhe@confluent.io | ksql            | lksqlc-ksql1 | 1999-02-24T00:00:00Z  
    MYKEY7 |             | u-44ddd           | mhe@confluent.io | schema-registry | lsrc-1       | 1999-02-24T00:00:00Z  
    MYKEY8 |             | u-44ddd           | mhe@confluent.io | cloud           |              | 1999-02-24T00:00:00Z  
