          Key          | Description | Owner | Owner Resource Id |      Owner Email      | Resource Type | Resource ID |       Created         
+----------------------+-------------+-------+-------------------+-----------------------+---------------+-------------+----------------------+
    DEACTIVATEDUSERKEY |             |  6666 | sa-6666           | <deactivated user>    | kafka         | lkc-bob     | 1999-02-24T00:00:00Z  
    MYKEY1             | first-key   |    12 |                   | bstrauch@confluent.io | kafka         | lkc-bob     | 1999-02-24T00:00:00Z  
    MYKEY3             |             |    23 |                   | bstrauch@confluent.io | kafka         | lkc-bob     | 1999-02-24T00:00:00Z  
    SERVICEACCOUNTKEY1 |             | 12345 | sa-12345          | <service account>     | kafka         | lkc-bob     | 1999-02-24T00:00:00Z  
