Specify an ACL for Schema Registry.

Usage:
  confluent local services schema-registry acl [flags]

Flags:
      --add                Indicates you are trying to add ACLs.
      --list               List all the current ACLs.
      --remove             Indicates you are trying to remove ACLs.
  -o, --operation string   Operation that is being authorized. Valid operation names are SUBJECT_READ, SUBJECT_WRITE, SUBJECT_DELETE, SUBJECT_COMPATIBILITY_READ, SUBJECT_COMPATIBILITY_WRITE, GLOBAL_COMPATIBILITY_READ, GLOBAL_COMPATIBILITY_WRITE, and GLOBAL_SUBJECTS_READ.
  -p, --principal string   Principal to which the ACL is being applied to. Use * to apply to all principals.
  -s, --subject string     Subject to which the ACL is being applied to. Only applicable for SUBJECT operations. Use * to apply to all subjects.
  -t, --topic string       Topic to which the ACL is being applied to. The corresponding subjects would be topic-key and topic-value. Only applicable for SUBJECT operations. Use * to apply to all subjects.

Global Flags:
  -h, --help            Show help for this command.
      --unsafe-trace    Equivalent to -vvvv, but also log HTTP requests and responses which might contain plaintext secrets.
  -v, --verbose count   Increase verbosity (-v for warn, -vv for info, -vvv for debug, -vvvv for trace).
