+-------------------+--------------------------------+
| ID                | gw-12345                       |
| Name              | my-aws-gateway                 |
| Environment       | env-596                        |
| Region            | us-east-1                      |
| AWS Principal ARN | arn:aws:iam::123456789012:role |
| Phase             | READY                          |
+-------------------+--------------------------------+
