GcsSink
AzureBlobSink
:4
Completion ended with directive: ShellCompDirectiveNoFileComp
