Error: accepts 2 arg(s), received 1
Usage:
  confluent billing cost list <start-date> <end-date> [flags]

Examples:
list 2023-01-01 2023-01-10

Flags:
  -o, --output string   Specify the output format as "human", "json", or "yaml". (default "human")

Global Flags:
  -h, --help            Show help for this command.
      --unsafe-trace    Equivalent to -vvvv, but also log HTTP requests and responses which may contain plaintext secrets.
  -v, --verbose count   Increase verbosity (-v for warn, -vv for info, -vvv for debug, -vvvv for trace).

