Error: organizations not found or access forbidden: Resource not found or access forbidden

Suggestions:
    List available organizations with `organizations list`.
