   PluginName   | Type  
+---------------+------+
  AzureBlobSink | Sink  
  GcsSink       | Sink  
