Manage access point private links.

Usage:
  confluent network access-point private-link [command]

Available Commands:
  egress-endpoint Manage private link egress endpoints.

Global Flags:
  -h, --help            Show help for this command.
      --unsafe-trace    Equivalent to -vvvv, but also log HTTP requests and responses which might contain plaintext secrets.
  -v, --verbose count   Increase verbosity (-v for warn, -vv for info, -vvv for debug, -vvvv for trace).

Use "confluent network access-point private-link [command] --help" for more information about a command.
